// Jest Snapshot v1, https://goo.gl/fbAQLP

exports[`Indecision component Debe matchear el snapshot 1`] = `
<div>
  <!--v-if-->
  <div class="bg-dark"></div>
  <div class="indecision-container"><input type="text" placeholder="Hazme una pregunta!">
    <p>Recuerda terminar con una interrogación (?)</p>
    <!--v-if-->
  </div>
</div>
`;
